// Jest Snapshot v1, https://goo.gl/fbAQLP

exports[`AddTask Component should render correctly 1`] = `
<View>
  <View
    style={
      Array [
        Object {
          "flexDirection": "row",
          "marginTop": 10,
        },
      ]
    }
  >
    <View
      style={
        Array [
          Object {
            "alignItems": "center",
            "backgroundColor": "#ffffff",
            "borderColor": "#9cc5a1",
            "borderWidth": 1,
            "flexBasis": 0,
            "flexDirection": "row",
            "flexGrow": 1,
            "flexShrink": 1,
            "minHeight": 40,
          },
        ]
      }
    >
      <TextInput
        allowFontScaling={true}
        autoCapitalize="sentences"
        autoCorrect={false}
        editable={true}
        maxLength={50}
        onChangeText={[Function]}
        onSubmitEditing={[Function]}
        placeholder="O que você vai fazer hoje?"
        placeholderTextColor="#9cc5a1"
        rejectResponderTermination={true}
        returnKeyType="done"
        style={
          Array [
            Object {
              "color": "#1f2421",
              "flexBasis": 0,
              "flexGrow": 1,
              "flexShrink": 1,
              "fontSize": 14,
              "fontWeight": "400",
              "minHeight": 40,
              "paddingLeft": 10,
            },
          ]
        }
        underlineColorAndroid="transparent"
        value=""
      />
    </View>
    <View
      accessible={true}
      focusable={true}
      onClick={[Function]}
      onResponderGrant={[Function]}
      onResponderMove={[Function]}
      onResponderRelease={[Function]}
      onResponderTerminate={[Function]}
      onResponderTerminationRequest={[Function]}
      onStartShouldSetResponder={[Function]}
      style={
        Object {
          "alignItems": "center",
          "backgroundColor": "#49a078",
          "justifyContent": "center",
          "minHeight": 40,
          "opacity": 1,
          "width": 50,
        }
      }
    >
      <Icon
        color="#1f2421"
        name="plus"
        size={22}
      />
    </View>
  </View>
  <View
    style={
      Array [
        Object {
          "alignItems": "center",
          "flexDirection": "row",
          "marginTop": 8,
          "paddingBottom": 0,
          "paddingLeft": 5,
          "paddingRight": 5,
          "paddingTop": 0,
        },
      ]
    }
  >
    <Text
      style={
        Array [
          Object {
            "color": "#1f2421",
            "fontSize": 12,
            "marginRight": 8,
          },
        ]
      }
    >
      Prioridade:
    </Text>
    <View
      accessible={true}
      focusable={true}
      onClick={[Function]}
      onResponderGrant={[Function]}
      onResponderMove={[Function]}
      onResponderRelease={[Function]}
      onResponderTerminate={[Function]}
      onResponderTerminationRequest={[Function]}
      onStartShouldSetResponder={[Function]}
      style={
        Object {
          "backgroundColor": "#9cc5a1",
          "borderColor": "#9cc5a1",
          "borderRadius": 8,
          "borderStyle": "solid",
          "borderWidth": 1,
          "marginRight": 5,
          "opacity": 1,
          "paddingBottom": 5,
          "paddingLeft": 8,
          "paddingRight": 8,
          "paddingTop": 5,
        }
      }
      testID="priority-button-none"
    >
      <Text
        style={
          Array [
            Object {
              "color": "#ffffff",
              "fontSize": 10,
              "fontWeight": "700",
            },
          ]
        }
      >
        Nenhuma
      </Text>
    </View>
    <View
      accessible={true}
      focusable={true}
      onClick={[Function]}
      onResponderGrant={[Function]}
      onResponderMove={[Function]}
      onResponderRelease={[Function]}
      onResponderTerminate={[Function]}
      onResponderTerminationRequest={[Function]}
      onStartShouldSetResponder={[Function]}
      style={
        Object {
          "backgroundColor": "#dce1de",
          "borderColor": "#4a90e2",
          "borderRadius": 8,
          "borderStyle": "solid",
          "borderWidth": 1,
          "marginRight": 5,
          "opacity": 1,
          "paddingBottom": 5,
          "paddingLeft": 8,
          "paddingRight": 8,
          "paddingTop": 5,
        }
      }
      testID="priority-button-low"
    >
      <Text
        style={
          Array [
            Object {
              "color": "#4a90e2",
              "fontSize": 10,
              "fontWeight": "700",
            },
          ]
        }
      >
        Baixa
      </Text>
    </View>
    <View
      accessible={true}
      focusable={true}
      onClick={[Function]}
      onResponderGrant={[Function]}
      onResponderMove={[Function]}
      onResponderRelease={[Function]}
      onResponderTerminate={[Function]}
      onResponderTerminationRequest={[Function]}
      onStartShouldSetResponder={[Function]}
      style={
        Object {
          "backgroundColor": "#dce1de",
          "borderColor": "#f5a623",
          "borderRadius": 8,
          "borderStyle": "solid",
          "borderWidth": 1,
          "marginRight": 5,
          "opacity": 1,
          "paddingBottom": 5,
          "paddingLeft": 8,
          "paddingRight": 8,
          "paddingTop": 5,
        }
      }
      testID="priority-button-medium"
    >
      <Text
        style={
          Array [
            Object {
              "color": "#f5a623",
              "fontSize": 10,
              "fontWeight": "700",
            },
          ]
        }
      >
        Média
      </Text>
    </View>
    <View
      accessible={true}
      focusable={true}
      onClick={[Function]}
      onResponderGrant={[Function]}
      onResponderMove={[Function]}
      onResponderRelease={[Function]}
      onResponderTerminate={[Function]}
      onResponderTerminationRequest={[Function]}
      onStartShouldSetResponder={[Function]}
      style={
        Object {
          "backgroundColor": "#dce1de",
          "borderColor": "#FF0000",
          "borderRadius": 8,
          "borderStyle": "solid",
          "borderWidth": 1,
          "marginRight": 5,
          "opacity": 1,
          "paddingBottom": 5,
          "paddingLeft": 8,
          "paddingRight": 8,
          "paddingTop": 5,
        }
      }
      testID="priority-button-high"
    >
      <Text
        style={
          Array [
            Object {
              "color": "#FF0000",
              "fontSize": 10,
              "fontWeight": "700",
            },
          ]
        }
      >
        Alta
      </Text>
    </View>
  </View>
  <View
    style={
      Array [
        Object {
          "alignItems": "center",
          "flexDirection": "row",
          "marginTop": 8,
          "paddingBottom": 0,
          "paddingLeft": 5,
          "paddingRight": 5,
          "paddingTop": 0,
        },
      ]
    }
  >
    <Text
      style={
        Array [
          Object {
            "color": "#1f2421",
            "fontSize": 12,
            "marginRight": 8,
          },
        ]
      }
    >
      Categoria:
    </Text>
    <RCTScrollView
      horizontal={true}
      showsHorizontalScrollIndicator={false}
      style={
        Array [
          Object {
            "flexBasis": 0,
            "flexGrow": 1,
            "flexShrink": 1,
          },
        ]
      }
    >
      <View>
        <View
          accessible={true}
          focusable={true}
          onClick={[Function]}
          onResponderGrant={[Function]}
          onResponderMove={[Function]}
          onResponderRelease={[Function]}
          onResponderTerminate={[Function]}
          onResponderTerminationRequest={[Function]}
          onStartShouldSetResponder={[Function]}
          style={
            Object {
              "backgroundColor": "#49a078",
              "borderColor": "#49a078",
              "borderRadius": 8,
              "borderStyle": "solid",
              "borderWidth": 1,
              "marginRight": 5,
              "opacity": 1,
              "paddingBottom": 5,
              "paddingLeft": 8,
              "paddingRight": 8,
              "paddingTop": 5,
            }
          }
          testID="category-button-none"
        >
          <Text
            style={
              Array [
                Object {
                  "color": "#ffffff",
                  "fontSize": 10,
                  "fontWeight": "700",
                },
              ]
            }
          >
            Geral
          </Text>
        </View>
        <View
          accessible={true}
          focusable={true}
          onClick={[Function]}
          onResponderGrant={[Function]}
          onResponderMove={[Function]}
          onResponderRelease={[Function]}
          onResponderTerminate={[Function]}
          onResponderTerminationRequest={[Function]}
          onStartShouldSetResponder={[Function]}
          style={
            Object {
              "backgroundColor": "#dce1de",
              "borderColor": "#49a078",
              "borderRadius": 8,
              "borderStyle": "solid",
              "borderWidth": 1,
              "marginRight": 5,
              "opacity": 1,
              "paddingBottom": 5,
              "paddingLeft": 8,
              "paddingRight": 8,
              "paddingTop": 5,
            }
          }
          testID="category-button-work"
        >
          <Text
            style={
              Array [
                Object {
                  "color": "#49a078",
                  "fontSize": 10,
                  "fontWeight": "700",
                },
              ]
            }
          >
            Trabalho
          </Text>
        </View>
        <View
          accessible={true}
          focusable={true}
          onClick={[Function]}
          onResponderGrant={[Function]}
          onResponderMove={[Function]}
          onResponderRelease={[Function]}
          onResponderTerminate={[Function]}
          onResponderTerminationRequest={[Function]}
          onStartShouldSetResponder={[Function]}
          style={
            Object {
              "backgroundColor": "#dce1de",
              "borderColor": "#49a078",
              "borderRadius": 8,
              "borderStyle": "solid",
              "borderWidth": 1,
              "marginRight": 5,
              "opacity": 1,
              "paddingBottom": 5,
              "paddingLeft": 8,
              "paddingRight": 8,
              "paddingTop": 5,
            }
          }
          testID="category-button-personal"
        >
          <Text
            style={
              Array [
                Object {
                  "color": "#49a078",
                  "fontSize": 10,
                  "fontWeight": "700",
                },
              ]
            }
          >
            Pessoal
          </Text>
        </View>
        <View
          accessible={true}
          focusable={true}
          onClick={[Function]}
          onResponderGrant={[Function]}
          onResponderMove={[Function]}
          onResponderRelease={[Function]}
          onResponderTerminate={[Function]}
          onResponderTerminationRequest={[Function]}
          onStartShouldSetResponder={[Function]}
          style={
            Object {
              "backgroundColor": "#dce1de",
              "borderColor": "#49a078",
              "borderRadius": 8,
              "borderStyle": "solid",
              "borderWidth": 1,
              "marginRight": 5,
              "opacity": 1,
              "paddingBottom": 5,
              "paddingLeft": 8,
              "paddingRight": 8,
              "paddingTop": 5,
            }
          }
          testID="category-button-shopping"
        >
          <Text
            style={
              Array [
                Object {
                  "color": "#49a078",
                  "fontSize": 10,
                  "fontWeight": "700",
                },
              ]
            }
          >
            Compras
          </Text>
        </View>
        <View
          accessible={true}
          focusable={true}
          onClick={[Function]}
          onResponderGrant={[Function]}
          onResponderMove={[Function]}
          onResponderRelease={[Function]}
          onResponderTerminate={[Function]}
          onResponderTerminationRequest={[Function]}
          onStartShouldSetResponder={[Function]}
          style={
            Object {
              "backgroundColor": "#dce1de",
              "borderColor": "#49a078",
              "borderRadius": 8,
              "borderStyle": "solid",
              "borderWidth": 1,
              "marginRight": 5,
              "opacity": 1,
              "paddingBottom": 5,
              "paddingLeft": 8,
              "paddingRight": 8,
              "paddingTop": 5,
            }
          }
          testID="category-button-health"
        >
          <Text
            style={
              Array [
                Object {
                  "color": "#49a078",
                  "fontSize": 10,
                  "fontWeight": "700",
                },
              ]
            }
          >
            Saúde
          </Text>
        </View>
        <View
          accessible={true}
          focusable={true}
          onClick={[Function]}
          onResponderGrant={[Function]}
          onResponderMove={[Function]}
          onResponderRelease={[Function]}
          onResponderTerminate={[Function]}
          onResponderTerminationRequest={[Function]}
          onStartShouldSetResponder={[Function]}
          style={
            Object {
              "backgroundColor": "#dce1de",
              "borderColor": "#49a078",
              "borderRadius": 8,
              "borderStyle": "solid",
              "borderWidth": 1,
              "marginRight": 5,
              "opacity": 1,
              "paddingBottom": 5,
              "paddingLeft": 8,
              "paddingRight": 8,
              "paddingTop": 5,
            }
          }
          testID="category-button-study"
        >
          <Text
            style={
              Array [
                Object {
                  "color": "#49a078",
                  "fontSize": 10,
                  "fontWeight": "700",
                },
              ]
            }
          >
            Estudo
          </Text>
        </View>
      </View>
    </RCTScrollView>
  </View>
  <View
    style={
      Array [
        Object {
          "alignItems": "center",
          "flexDirection": "row",
          "marginTop": 8,
          "paddingBottom": 0,
          "paddingLeft": 5,
          "paddingRight": 5,
          "paddingTop": 0,
        },
      ]
    }
  >
    <Text
      style={
        Array [
          Object {
            "color": "#1f2421",
            "fontSize": 12,
            "marginRight": 8,
          },
        ]
      }
    >
      Prazo:
    </Text>
    <View
      accessible={true}
      focusable={true}
      onClick={[Function]}
      onResponderGrant={[Function]}
      onResponderMove={[Function]}
      onResponderRelease={[Function]}
      onResponderTerminate={[Function]}
      onResponderTerminationRequest={[Function]}
      onStartShouldSetResponder={[Function]}
      style={
        Object {
          "alignItems": "center",
          "backgroundColor": "#dce1de",
          "borderColor": "#9cc5a1",
          "borderRadius": 8,
          "borderStyle": "solid",
          "borderWidth": 1,
          "flexDirection": "row",
          "opacity": 1,
          "paddingBottom": 5,
          "paddingLeft": 8,
          "paddingRight": 8,
          "paddingTop": 5,
        }
      }
      testID="deadline-button"
    >
      <Icon
        color="#9cc5a1"
        name="plus"
        size={14}
      />
      <Text
        style={
          Array [
            Object {
              "color": "#9cc5a1",
              "fontSize": 10,
              "fontWeight": "700",
              "marginLeft": 5,
            },
          ]
        }
      >
        Definir data
      </Text>
    </View>
  </View>
</View>
`;
