// Jest Snapshot v1, https://goo.gl/fbAQLP

exports[`Header Component renders correctly 1`] = `
<View
  style={
    Array [
      Object {
        "alignItems": "center",
        "backgroundColor": "#49a078",
        "flexDirection": "row",
        "justifyContent": "center",
        "minHeight": 60,
        "paddingTop": 0,
        "position": "relative",
        "width": "100%",
      },
    ]
  }
>
  <Text
    style={
      Array [
        Object {
          "color": "#ffffff",
          "fontSize": 24,
          "fontWeight": "700",
        },
      ]
    }
  >
    doIt
  </Text>
  <View
    accessible={true}
    focusable={true}
    onClick={[Function]}
    onResponderGrant={[Function]}
    onResponderMove={[Function]}
    onResponderRelease={[Function]}
    onResponderTerminate={[Function]}
    onResponderTerminationRequest={[Function]}
    onStartShouldSetResponder={[Function]}
    style={
      Object {
        "bottom": 10,
        "opacity": 1,
        "position": "absolute",
        "right": 10,
      }
    }
    testID="header-stats-button"
  >
    <Icon
      color="#fff"
      name="bar-chart-2"
      size={24}
    />
  </View>
</View>
`;
