// Jest Snapshot v1, https://goo.gl/fbAQLP

exports[`DailyProgress renders correctly with given progress 1`] = `
<View
  style={
    Array [
      Object {
        "marginBottom": 10,
        "marginTop": 8,
        "paddingBottom": 0,
        "paddingLeft": 10,
        "paddingRight": 10,
        "paddingTop": 0,
        "width": "100%",
      },
    ]
  }
  testID="daily-progress-container"
>
  <View
    style={
      Array [
        Object {
          "alignItems": "center",
          "flexDirection": "row",
          "justifyContent": "space-between",
          "marginBottom": 5,
        },
      ]
    }
  >
    <Text
      style={
        Array [
          Object {
            "color": "#1f2421",
            "fontSize": 14,
            "fontWeight": "700",
          },
        ]
      }
    >
      Progresso de Hoje
    </Text>
    <Text
      style={
        Array [
          Object {
            "color": "#49a078",
            "fontSize": 14,
            "fontWeight": "700",
          },
        ]
      }
    >
      75
      %
    </Text>
  </View>
  <View
    style={
      Array [
        Object {
          "width": "100%",
        },
      ]
    }
  >
    <View
      style={
        Array [
          Object {
            "backgroundColor": "#dce1de",
            "borderRadius": 4,
            "height": 10,
            "overflow": "hidden",
            "width": "100%",
          },
        ]
      }
      testID="daily-progress-bar"
    >
      <View
        style={
          Array [
            Object {
              "backgroundColor": "#49a078",
              "borderRadius": 4,
              "height": "100%",
              "width": "75%",
            },
          ]
        }
        testID="daily-progress-bar-fill"
      />
    </View>
  </View>
</View>
`;
